// Vitest Snapshot v1, https://vitest.dev/guide/snapshot.html

exports[`handles git metadata > expect git metadata to be available 1`] = `
"
//#region rolldown:runtime
var __defProp = Object.defineProperty;
var __export = (target, all) => {
	for (var name in all) __defProp(target, name, {
		get: all[name],
		enumerable: true
	});
};

//#endregion
//#region \\0virtual:build-meta/git
var git_exports = {};
__export(git_exports, {
	branch: () => branch,
	commitAuthorDate: () => commitAuthorDate,
	commitAuthorEmail: () => commitAuthorEmail,
	commitAuthorName: () => commitAuthorName,
	commitCommitterDate: () => commitCommitterDate,
	commitCommitterEmail: () => commitCommitterEmail,
	commitCommitterName: () => commitCommitterName,
	lastTag: () => lastTag,
	latestCommitMessage: () => latestCommitMessage,
	repositoryUrl: () => repositoryUrl,
	sha: () => sha,
	shortSha: () => shortSha,
	tag: () => tag,
	tags: () => tags
});
const repositoryUrl = "https://github.com/luxass/unplugin-build-meta";
const sha = "0d26380e72f1cc40efa0388abe3e2e998db9d772";
const shortSha = "0d26380e72";
const branch = "main";
const tag = null;
const tags = [];
const lastTag = null;
const commitAuthorName = "Lucas";
const commitAuthorEmail = "lucasnrgaard@gmail.com";
const commitAuthorDate = "2025-04-16T16:53:03+02:00";
const commitCommitterName = "Lucas";
const commitCommitterEmail = "lucasnrgaard@gmail.com";
const commitCommitterDate = "Wed Apr 16 16:53:03 2025 +0200";
const latestCommitMessage = "chore: fix eslint ignore";

//#endregion
//#region .vitest-testdirs/vitest-rolldown-handles-git-metadata-expect-git-metadata-to-be-available/git.js
console.log(git_exports);

//#endregion"
`;

exports[`handles git metadata > expect specific git properties to be importable 1`] = `
"
//#region \\0virtual:build-meta/git
const sha = "0d26380e72f1cc40efa0388abe3e2e998db9d772";
const shortSha = "0d26380e72";
const branch = "main";

//#endregion
//#region .vitest-testdirs/vitest-rolldown-handles-git-metadata-expect-specific-git-properties-to-be-importable/git-specific.js
console.log({
	branch,
	sha,
	shortSha
});

//#endregion"
`;
