// Vitest Snapshot v1, https://vitest.dev/guide/snapshot.html

exports[`handles git metadata > expect git metadata to be available 1`] = `
"const repositoryUrl = "https://github.com/luxass/unplugin-build-meta";
const sha = "0d26380e72f1cc40efa0388abe3e2e998db9d772";
const shortSha = "0d26380e72";
const branch = "main";
const tag = null;
const tags = [];
const lastTag = null;
const commitAuthorName = "Lucas";
const commitAuthorEmail = "lucasnrgaard@gmail.com";
const commitAuthorDate = "2025-04-16T16:53:03+02:00";
const commitCommitterName = "Lucas";
const commitCommitterEmail = "lucasnrgaard@gmail.com";
const commitCommitterDate = "Wed Apr 16 16:53:03 2025 +0200";
const latestCommitMessage = "chore: fix eslint ignore";
const git = /* @__PURE__ */ Object.freeze(/* @__PURE__ */ Object.defineProperty({
  __proto__: null,
  branch,
  commitAuthorDate,
  commitAuthorEmail,
  commitAuthorName,
  commitCommitterDate,
  commitCommitterEmail,
  commitCommitterName,
  lastTag,
  latestCommitMessage,
  repositoryUrl,
  sha,
  shortSha,
  tag,
  tags
}, Symbol.toStringTag, { value: "Module" }));
console.log(git);
"
`;

exports[`handles git metadata > expect specific git properties to be importable 1`] = `
"const sha = "0d26380e72f1cc40efa0388abe3e2e998db9d772";
const shortSha = "0d26380e72";
const branch = "main";
console.log({ branch, sha, shortSha });
"
`;
